  Determining projects to restore...
  All projects are up-to-date for restore.
  Gathering.SharedKernel -> C:\dev\Gathering\backend\src\Gathering.SharedKernel\bin\Debug\net10.0\Gathering.SharedKernel.dll
  Gathering.Domain -> C:\dev\Gathering\backend\src\Gathering.Domain\bin\Debug\net10.0\Gathering.Domain.dll
  Gathering.Application -> C:\dev\Gathering\backend\src\Gathering.Application\bin\Debug\net10.0\Gathering.Application.dll
  Gathering.Infrastructure -> C:\dev\Gathering\backend\src\Gathering.Infrastructure\bin\Debug\net10.0\Gathering.Infrastructure.dll
C:\Program Files\dotnet\sdk\10.0.102\Microsoft.Common.CurrentVersion.targets(5080,5): warning MSB3026: Could not copy "C:\dev\Gathering\backend\src\Gathering.Application\bin\Debug\net10.0\Gathering.Application.dll" to "bin\Debug\net10.0\Gathering.Application.dll". Beginning retry 1 in 1000ms. The process cannot access the file 'C:\dev\Gathering\backend\src\Gathering.Api\bin\Debug\net10.0\Gathering.Application.dll' because it is being used by another process. The file is locked by: "Gathering.Api (2312)" [C:\dev\Gathering\backend\src\Gathering.Api\Gathering.Api.csproj]
C:\Program Files\dotnet\sdk\10.0.102\Microsoft.Common.CurrentVersion.targets(5080,5): warning MSB3026: Could not copy "C:\dev\Gathering\backend\src\Gathering.Application\bin\Debug\net10.0\Gathering.Application.dll" to "bin\Debug\net10.0\Gathering.Application.dll". Beginning retry 2 in 1000ms. The process cannot access the file 'C:\dev\Gathering\backend\src\Gathering.Api\bin\Debug\net10.0\Gathering.Application.dll' because it is being used by another process. The file is locked by: "Gathering.Api (2312)" [C:\dev\Gathering\backend\src\Gathering.Api\Gathering.Api.csproj]
C:\Program Files\dotnet\sdk\10.0.102\Microsoft.Common.CurrentVersion.targets(5080,5): warning MSB3026: Could not copy "C:\dev\Gathering\backend\src\Gathering.Application\bin\Debug\net10.0\Gathering.Application.dll" to "bin\Debug\net10.0\Gathering.Application.dll". Beginning retry 3 in 1000ms. The process cannot access the file 'C:\dev\Gathering\backend\src\Gathering.Api\bin\Debug\net10.0\Gathering.Application.dll' because it is being used by another process. The file is locked by: "Gathering.Api (2312)" [C:\dev\Gathering\backend\src\Gathering.Api\Gathering.Api.csproj]
C:\Program Files\dotnet\sdk\10.0.102\Microsoft.Common.CurrentVersion.targets(5080,5): warning MSB3026: Could not copy "C:\dev\Gathering\backend\src\Gathering.Application\bin\Debug\net10.0\Gathering.Application.dll" to "bin\Debug\net10.0\Gathering.Application.dll". Beginning retry 4 in 1000ms. The process cannot access the file 'C:\dev\Gathering\backend\src\Gathering.Api\bin\Debug\net10.0\Gathering.Application.dll' because it is being used by another process. The file is locked by: "Gathering.Api (2312)" [C:\dev\Gathering\backend\src\Gathering.Api\Gathering.Api.csproj]
C:\Program Files\dotnet\sdk\10.0.102\Microsoft.Common.CurrentVersion.targets(5080,5): warning MSB3026: Could not copy "C:\dev\Gathering\backend\src\Gathering.Application\bin\Debug\net10.0\Gathering.Application.dll" to "bin\Debug\net10.0\Gathering.Application.dll". Beginning retry 5 in 1000ms. The process cannot access the file 'C:\dev\Gathering\backend\src\Gathering.Api\bin\Debug\net10.0\Gathering.Application.dll' because it is being used by another process. The file is locked by: "Gathering.Api (2312)" [C:\dev\Gathering\backend\src\Gathering.Api\Gathering.Api.csproj]
C:\Program Files\dotnet\sdk\10.0.102\Microsoft.Common.CurrentVersion.targets(5080,5): warning MSB3026: Could not copy "C:\dev\Gathering\backend\src\Gathering.Application\bin\Debug\net10.0\Gathering.Application.dll" to "bin\Debug\net10.0\Gathering.Application.dll". Beginning retry 6 in 1000ms. The process cannot access the file 'C:\dev\Gathering\backend\src\Gathering.Api\bin\Debug\net10.0\Gathering.Application.dll' because it is being used by another process. The file is locked by: "Gathering.Api (2312)" [C:\dev\Gathering\backend\src\Gathering.Api\Gathering.Api.csproj]
C:\Program Files\dotnet\sdk\10.0.102\Microsoft.Common.CurrentVersion.targets(5080,5): warning MSB3026: Could not copy "C:\dev\Gathering\backend\src\Gathering.Application\bin\Debug\net10.0\Gathering.Application.dll" to "bin\Debug\net10.0\Gathering.Application.dll". Beginning retry 7 in 1000ms. The process cannot access the file 'C:\dev\Gathering\backend\src\Gathering.Api\bin\Debug\net10.0\Gathering.Application.dll' because it is being used by another process. The file is locked by: "Gathering.Api (2312)" [C:\dev\Gathering\backend\src\Gathering.Api\Gathering.Api.csproj]
C:\Program Files\dotnet\sdk\10.0.102\Microsoft.Common.CurrentVersion.targets(5080,5): warning MSB3026: Could not copy "C:\dev\Gathering\backend\src\Gathering.Application\bin\Debug\net10.0\Gathering.Application.dll" to "bin\Debug\net10.0\Gathering.Application.dll". Beginning retry 8 in 1000ms. The process cannot access the file 'C:\dev\Gathering\backend\src\Gathering.Api\bin\Debug\net10.0\Gathering.Application.dll' because it is being used by another process. The file is locked by: "Gathering.Api (2312)" [C:\dev\Gathering\backend\src\Gathering.Api\Gathering.Api.csproj]
C:\Program Files\dotnet\sdk\10.0.102\Microsoft.Common.CurrentVersion.targets(5080,5): warning MSB3026: Could not copy "C:\dev\Gathering\backend\src\Gathering.Application\bin\Debug\net10.0\Gathering.Application.dll" to "bin\Debug\net10.0\Gathering.Application.dll". Beginning retry 9 in 1000ms. The process cannot access the file 'C:\dev\Gathering\backend\src\Gathering.Api\bin\Debug\net10.0\Gathering.Application.dll' because it is being used by another process. The file is locked by: "Gathering.Api (2312)" [C:\dev\Gathering\backend\src\Gathering.Api\Gathering.Api.csproj]
C:\Program Files\dotnet\sdk\10.0.102\Microsoft.Common.CurrentVersion.targets(5080,5): warning MSB3026: Could not copy "C:\dev\Gathering\backend\src\Gathering.Application\bin\Debug\net10.0\Gathering.Application.dll" to "bin\Debug\net10.0\Gathering.Application.dll". Beginning retry 10 in 1000ms. The process cannot access the file 'C:\dev\Gathering\backend\src\Gathering.Api\bin\Debug\net10.0\Gathering.Application.dll' because it is being used by another process. The file is locked by: "Gathering.Api (2312)" [C:\dev\Gathering\backend\src\Gathering.Api\Gathering.Api.csproj]
C:\Program Files\dotnet\sdk\10.0.102\Microsoft.Common.CurrentVersion.targets(5080,5): error MSB3027: Could not copy "C:\dev\Gathering\backend\src\Gathering.Application\bin\Debug\net10.0\Gathering.Application.dll" to "bin\Debug\net10.0\Gathering.Application.dll". Exceeded retry count of 10. Failed. The file is locked by: "Gathering.Api (2312)" [C:\dev\Gathering\backend\src\Gathering.Api\Gathering.Api.csproj]
C:\Program Files\dotnet\sdk\10.0.102\Microsoft.Common.CurrentVersion.targets(5080,5): error MSB3021: Unable to copy file "C:\dev\Gathering\backend\src\Gathering.Application\bin\Debug\net10.0\Gathering.Application.dll" to "bin\Debug\net10.0\Gathering.Application.dll". The process cannot access the file 'C:\dev\Gathering\backend\src\Gathering.Api\bin\Debug\net10.0\Gathering.Application.dll' because it is being used by another process. [C:\dev\Gathering\backend\src\Gathering.Api\Gathering.Api.csproj]

Build FAILED.

C:\Program Files\dotnet\sdk\10.0.102\Microsoft.Common.CurrentVersion.targets(5080,5): warning MSB3026: Could not copy "C:\dev\Gathering\backend\src\Gathering.Application\bin\Debug\net10.0\Gathering.Application.dll" to "bin\Debug\net10.0\Gathering.Application.dll". Beginning retry 1 in 1000ms. The process cannot access the file 'C:\dev\Gathering\backend\src\Gathering.Api\bin\Debug\net10.0\Gathering.Application.dll' because it is being used by another process. The file is locked by: "Gathering.Api (2312)" [C:\dev\Gathering\backend\src\Gathering.Api\Gathering.Api.csproj]
C:\Program Files\dotnet\sdk\10.0.102\Microsoft.Common.CurrentVersion.targets(5080,5): warning MSB3026: Could not copy "C:\dev\Gathering\backend\src\Gathering.Application\bin\Debug\net10.0\Gathering.Application.dll" to "bin\Debug\net10.0\Gathering.Application.dll". Beginning retry 2 in 1000ms. The process cannot access the file 'C:\dev\Gathering\backend\src\Gathering.Api\bin\Debug\net10.0\Gathering.Application.dll' because it is being used by another process. The file is locked by: "Gathering.Api (2312)" [C:\dev\Gathering\backend\src\Gathering.Api\Gathering.Api.csproj]
C:\Program Files\dotnet\sdk\10.0.102\Microsoft.Common.CurrentVersion.targets(5080,5): warning MSB3026: Could not copy "C:\dev\Gathering\backend\src\Gathering.Application\bin\Debug\net10.0\Gathering.Application.dll" to "bin\Debug\net10.0\Gathering.Application.dll". Beginning retry 3 in 1000ms. The process cannot access the file 'C:\dev\Gathering\backend\src\Gathering.Api\bin\Debug\net10.0\Gathering.Application.dll' because it is being used by another process. The file is locked by: "Gathering.Api (2312)" [C:\dev\Gathering\backend\src\Gathering.Api\Gathering.Api.csproj]
C:\Program Files\dotnet\sdk\10.0.102\Microsoft.Common.CurrentVersion.targets(5080,5): warning MSB3026: Could not copy "C:\dev\Gathering\backend\src\Gathering.Application\bin\Debug\net10.0\Gathering.Application.dll" to "bin\Debug\net10.0\Gathering.Application.dll". Beginning retry 4 in 1000ms. The process cannot access the file 'C:\dev\Gathering\backend\src\Gathering.Api\bin\Debug\net10.0\Gathering.Application.dll' because it is being used by another process. The file is locked by: "Gathering.Api (2312)" [C:\dev\Gathering\backend\src\Gathering.Api\Gathering.Api.csproj]
C:\Program Files\dotnet\sdk\10.0.102\Microsoft.Common.CurrentVersion.targets(5080,5): warning MSB3026: Could not copy "C:\dev\Gathering\backend\src\Gathering.Application\bin\Debug\net10.0\Gathering.Application.dll" to "bin\Debug\net10.0\Gathering.Application.dll". Beginning retry 5 in 1000ms. The process cannot access the file 'C:\dev\Gathering\backend\src\Gathering.Api\bin\Debug\net10.0\Gathering.Application.dll' because it is being used by another process. The file is locked by: "Gathering.Api (2312)" [C:\dev\Gathering\backend\src\Gathering.Api\Gathering.Api.csproj]
C:\Program Files\dotnet\sdk\10.0.102\Microsoft.Common.CurrentVersion.targets(5080,5): warning MSB3026: Could not copy "C:\dev\Gathering\backend\src\Gathering.Application\bin\Debug\net10.0\Gathering.Application.dll" to "bin\Debug\net10.0\Gathering.Application.dll". Beginning retry 6 in 1000ms. The process cannot access the file 'C:\dev\Gathering\backend\src\Gathering.Api\bin\Debug\net10.0\Gathering.Application.dll' because it is being used by another process. The file is locked by: "Gathering.Api (2312)" [C:\dev\Gathering\backend\src\Gathering.Api\Gathering.Api.csproj]
C:\Program Files\dotnet\sdk\10.0.102\Microsoft.Common.CurrentVersion.targets(5080,5): warning MSB3026: Could not copy "C:\dev\Gathering\backend\src\Gathering.Application\bin\Debug\net10.0\Gathering.Application.dll" to "bin\Debug\net10.0\Gathering.Application.dll". Beginning retry 7 in 1000ms. The process cannot access the file 'C:\dev\Gathering\backend\src\Gathering.Api\bin\Debug\net10.0\Gathering.Application.dll' because it is being used by another process. The file is locked by: "Gathering.Api (2312)" [C:\dev\Gathering\backend\src\Gathering.Api\Gathering.Api.csproj]
C:\Program Files\dotnet\sdk\10.0.102\Microsoft.Common.CurrentVersion.targets(5080,5): warning MSB3026: Could not copy "C:\dev\Gathering\backend\src\Gathering.Application\bin\Debug\net10.0\Gathering.Application.dll" to "bin\Debug\net10.0\Gathering.Application.dll". Beginning retry 8 in 1000ms. The process cannot access the file 'C:\dev\Gathering\backend\src\Gathering.Api\bin\Debug\net10.0\Gathering.Application.dll' because it is being used by another process. The file is locked by: "Gathering.Api (2312)" [C:\dev\Gathering\backend\src\Gathering.Api\Gathering.Api.csproj]
C:\Program Files\dotnet\sdk\10.0.102\Microsoft.Common.CurrentVersion.targets(5080,5): warning MSB3026: Could not copy "C:\dev\Gathering\backend\src\Gathering.Application\bin\Debug\net10.0\Gathering.Application.dll" to "bin\Debug\net10.0\Gathering.Application.dll". Beginning retry 9 in 1000ms. The process cannot access the file 'C:\dev\Gathering\backend\src\Gathering.Api\bin\Debug\net10.0\Gathering.Application.dll' because it is being used by another process. The file is locked by: "Gathering.Api (2312)" [C:\dev\Gathering\backend\src\Gathering.Api\Gathering.Api.csproj]
C:\Program Files\dotnet\sdk\10.0.102\Microsoft.Common.CurrentVersion.targets(5080,5): warning MSB3026: Could not copy "C:\dev\Gathering\backend\src\Gathering.Application\bin\Debug\net10.0\Gathering.Application.dll" to "bin\Debug\net10.0\Gathering.Application.dll". Beginning retry 10 in 1000ms. The process cannot access the file 'C:\dev\Gathering\backend\src\Gathering.Api\bin\Debug\net10.0\Gathering.Application.dll' because it is being used by another process. The file is locked by: "Gathering.Api (2312)" [C:\dev\Gathering\backend\src\Gathering.Api\Gathering.Api.csproj]
C:\Program Files\dotnet\sdk\10.0.102\Microsoft.Common.CurrentVersion.targets(5080,5): error MSB3027: Could not copy "C:\dev\Gathering\backend\src\Gathering.Application\bin\Debug\net10.0\Gathering.Application.dll" to "bin\Debug\net10.0\Gathering.Application.dll". Exceeded retry count of 10. Failed. The file is locked by: "Gathering.Api (2312)" [C:\dev\Gathering\backend\src\Gathering.Api\Gathering.Api.csproj]
C:\Program Files\dotnet\sdk\10.0.102\Microsoft.Common.CurrentVersion.targets(5080,5): error MSB3021: Unable to copy file "C:\dev\Gathering\backend\src\Gathering.Application\bin\Debug\net10.0\Gathering.Application.dll" to "bin\Debug\net10.0\Gathering.Application.dll". The process cannot access the file 'C:\dev\Gathering\backend\src\Gathering.Api\bin\Debug\net10.0\Gathering.Application.dll' because it is being used by another process. [C:\dev\Gathering\backend\src\Gathering.Api\Gathering.Api.csproj]
    10 Warning(s)
    2 Error(s)

Time Elapsed 00:00:13.81
